******************************************************************************
                  MSP430 Linker PC v4.3.3                      
******************************************************************************
>> Linked Thu Sep 18 20:43:30 2014

OUTPUT FILE NAME:   <proj41_IRaritraty_to_RF_LowPower_PCB_flash.out>
ENTRY POINT SYMBOL: "_c_int00"  address: 0000fe26


MEMORY CONFIGURATION

         name            origin    length      used     unused   attr    fill
----------------------  --------  ---------  --------  --------  ----  --------
  SFR                   00000000   00000010  00000000  00000010  RWIX
  PERIPHERALS_8BIT      00000010   000000f0  00000000  000000f0  RWIX
  PERIPHERALS_16BIT     00000100   00000100  00000000  00000100  RWIX
  RAM                   00000200   00000080  0000007e  00000002  RWIX
  INFOD                 00001000   00000040  00000000  00000040  RWIX
  INFOC                 00001040   00000040  00000000  00000040  RWIX
  INFOB                 00001080   00000040  00000000  00000040  RWIX
  INFOA                 000010c0   00000040  00000000  00000040  RWIX
  FLASH                 0000f800   000007e0  000006e6  000000fa  RWIX
  INT00                 0000ffe0   00000002  00000000  00000002  RWIX
  INT01                 0000ffe2   00000002  00000000  00000002  RWIX
  INT02                 0000ffe4   00000002  00000002  00000000  RWIX
  INT03                 0000ffe6   00000002  00000002  00000000  RWIX
  INT04                 0000ffe8   00000002  00000002  00000000  RWIX
  INT05                 0000ffea   00000002  00000002  00000000  RWIX
  INT06                 0000ffec   00000002  00000000  00000002  RWIX
  INT07                 0000ffee   00000002  00000000  00000002  RWIX
  INT08                 0000fff0   00000002  00000002  00000000  RWIX
  INT09                 0000fff2   00000002  00000002  00000000  RWIX
  INT10                 0000fff4   00000002  00000002  00000000  RWIX
  INT11                 0000fff6   00000002  00000000  00000002  RWIX
  INT12                 0000fff8   00000002  00000000  00000002  RWIX
  INT13                 0000fffa   00000002  00000000  00000002  RWIX
  INT14                 0000fffc   00000002  00000002  00000000  RWIX
  RESET                 0000fffe   00000002  00000002  00000000  RWIX


SECTION ALLOCATION MAP

 output                                  attributes/
section   page    origin      length       input sections
--------  ----  ----------  ----------   ----------------
.init_array 
*          0    0000f800    00000000     UNINITIALIZED

.bss       0    00000200    0000003c     UNINITIALIZED
                  00000200    0000003c     (.common:receive)

.TI.noinit 
*          0    00000200    00000000     UNINITIALIZED

.data      0    0000023c    00000010     UNINITIALIZED
                  0000023c    00000010     main.obj (.data)

.TI.persistent 
*          0    0000023c    00000000     UNINITIALIZED

.stack     0    0000024c    00000032     UNINITIALIZED
                  0000024c    00000002     rts430_eabi.lib : boot.obj (.stack)
                  0000024e    00000030     --HOLE--

.text      0    0000f800    000006b4     
                  0000f800    0000017c     main.obj (.text:main)
                  0000f97c    000000a2     functions.obj (.text:BlinkLED)
                  0000fa1e    0000008a     functions.obj (.text:ArrayCompareFlash)
                  0000faa8    00000068     functions.obj (.text:send_rf)
                  0000fb10    0000005e     rts430_eabi.lib : copy_decompress_rle.obj (.text:__TI_decompress_rle_core)
                  0000fb6e    0000005e                     : autoinit.obj (.text:_auto_init)
                  0000fbcc    00000058     main.obj (.text:Port_1)
                  0000fc24    0000004c     functions.obj (.text:ArrayCopy)
                  0000fc70    0000004c     rts430_eabi.lib : lsr16.obj (.text)
                  0000fcbc    0000004a     functions.obj (.text:one)
                  0000fd06    00000046     functions.obj (.text:f)
                  0000fd4c    00000046     functions.obj (.text:zero)
                  0000fd92    00000036     functions.obj (.text:flash_erase)
                  0000fdc8    00000032     functions.obj (.text:readSwitchP1)
                  0000fdfa    0000002c     functions.obj (.text:flash_write)
                  0000fe26    0000001a     rts430_eabi.lib : boot.obj (.text:_c_int00_noexit)
                  0000fe40    00000018     functions.obj (.text:resetBuffer)
                  0000fe58    00000014     rts430_eabi.lib : copy_zero_init.obj (.text:decompress:ZI:__TI_zero_init)
                  0000fe6c    00000012                     : copy_decompress_none.obj (.text:decompress:none:__TI_decompress_none)
                  0000fe7e    00000012                     : memcpy.obj (.text:memcpy)
                  0000fe90    00000010                     : epilog.obj (.text)
                  0000fea0    00000006                     : isr_trap.obj (.text:__TI_ISR_TRAP)
                  0000fea6    00000006                     : copy_decompress_rle.obj (.text:decompress:rle24:__TI_decompress_rle24)
                  0000feac    00000004                     : pre_init.obj (.text:_system_pre_init)
                  0000feb0    00000004                     : exit.obj (.text:abort)

.const     0    0000feb4    0000000c     
                  0000feb4    0000000c     main.obj (.const:.string:TXdataD)

.cinit     0    0000fec0    00000026     
                  0000fec0    00000014     (.cinit..data.load) [load image]
                  0000fed4    00000006     (__TI_handler_table)
                  0000feda    00000004     (.cinit..bss.load) [load image, compression = zero_init]
                  0000fede    00000008     (__TI_cinit_table)

PORT1      0    0000ffe4    00000002     
                  0000ffe4    00000002     main.obj (.int02)

PORT2      0    0000ffe6    00000002     
                  0000ffe6    00000002     rts430_eabi.lib : int03.obj (.int03)

USI        0    0000ffe8    00000002     
                  0000ffe8    00000002     rts430_eabi.lib : int04.obj (.int04)

ADC10      0    0000ffea    00000002     
                  0000ffea    00000002     rts430_eabi.lib : int05.obj (.int05)

TIMERA1    0    0000fff0    00000002     
                  0000fff0    00000002     rts430_eabi.lib : int08.obj (.int08)

TIMERA0    0    0000fff2    00000002     
                  0000fff2    00000002     rts430_eabi.lib : int09.obj (.int09)

WDT        0    0000fff4    00000002     
                  0000fff4    00000002     rts430_eabi.lib : int10.obj (.int10)

NMI        0    0000fffc    00000002     
                  0000fffc    00000002     rts430_eabi.lib : int14.obj (.int14)

.reset     0    0000fffe    00000002     
                  0000fffe    00000002     rts430_eabi.lib : boot.obj (.reset)


LINKER GENERATED COPY TABLES

__TI_cinit_table @ 0000fede records: 2, size/record: 4, table size: 8
	.data: load addr=0000fec0, load size=00000014 bytes, run addr=0000023c, run size=00000010 bytes, compression=copy
	.bss: load addr=0000feda, load size=00000004 bytes, run addr=00000200, run size=0000003c bytes, compression=zero_init


LINKER GENERATED HANDLER TABLE

__TI_handler_table @ 0000fed4 records: 3, size/record: 2, table size: 6
	index: 0, handler: __TI_zero_init
	index: 1, handler: __TI_decompress_rle24
	index: 2, handler: __TI_decompress_none


GLOBAL SYMBOLS: SORTED ALPHABETICALLY BY Name 

address    name
--------   ----
0000004a   ADC10AE0
000001b0   ADC10CTL0
000001b2   ADC10CTL1
00000048   ADC10DTC0
00000049   ADC10DTC1
000001b4   ADC10MEM
000001bc   ADC10SA
0000fa1e   ArrayCompareFlash
0000fc24   ArrayCopy
00000057   BCSCTL1
00000058   BCSCTL2
00000053   BCSCTL3
0000f97c   BlinkLED
0000feb0   C$$EXIT
000010ff   CALBC1_1MHZ
000010fe   CALDCO_1MHZ
00000056   DCOCTL
00000128   FCTL1
0000012a   FCTL2
0000012c   FCTL3
00000000   IE1
00000002   IFG1
00000022   P1DIR
00000025   P1IE
00000024   P1IES
00000023   P1IFG
00000020   P1IN
00000021   P1OUT
00000027   P1REN
00000026   P1SEL
0000002a   P2DIR
0000002d   P2IE
0000002c   P2IES
0000002b   P2IFG
00000028   P2IN
00000029   P2OUT
0000002f   P2REN
0000002e   P2SEL
0000fbcc   Port_1
00000172   TACCR0
00000174   TACCR1
00000162   TACCTL0
00000164   TACCTL1
00000160   TACTL
0000012e   TAIV
00000170   TAR
0000feb4   TXdataD
0000007a   USICCTL
0000007a   USICKCTL
0000007b   USICNT
00000078   USICTL
00000078   USICTL0
00000079   USICTL1
0000007c   USISR
0000007d   USISRH
0000007c   USISRL
00000120   WDTCTL
0000027e   __STACK_END
00000032   __STACK_SIZE
0000fede   __TI_CINIT_Base
0000fee6   __TI_CINIT_Limit
0000fed4   __TI_Handler_Table_Base
0000feda   __TI_Handler_Table_Limit
UNDEFED    __TI_INITARRAY_Base
UNDEFED    __TI_INITARRAY_Limit
0000fea0   __TI_ISR_TRAP
00000001   __TI_args_main
0000fe6c   __TI_decompress_none
0000fea6   __TI_decompress_rle24
00000001   __TI_exit
0000ffe4   __TI_int02
0000ffe6   __TI_int03
0000ffe8   __TI_int04
0000ffea   __TI_int05
0000fff0   __TI_int08
0000fff2   __TI_int09
0000fff4   __TI_int10
0000fffc   __TI_int14
0000fe58   __TI_zero_init
ffffffff   __binit__
ffffffff   __c_args__
0000fe9c   __mspabi_func_epilog_1
0000fe9a   __mspabi_func_epilog_2
0000fe98   __mspabi_func_epilog_3
0000fe96   __mspabi_func_epilog_4
0000fe94   __mspabi_func_epilog_5
0000fe92   __mspabi_func_epilog_6
0000fe90   __mspabi_func_epilog_7
0000fc70   __mspabi_srli
0000fcb6   __mspabi_srli_1
0000fc92   __mspabi_srli_10
0000fc8e   __mspabi_srli_11
0000fc8a   __mspabi_srli_12
0000fc86   __mspabi_srli_13
0000fc82   __mspabi_srli_14
0000fc7e   __mspabi_srli_15
0000fcb2   __mspabi_srli_2
0000fcae   __mspabi_srli_3
0000fcaa   __mspabi_srli_4
0000fca6   __mspabi_srli_5
0000fca2   __mspabi_srli_6
0000fc9e   __mspabi_srli_7
0000fc9a   __mspabi_srli_8
0000fc96   __mspabi_srli_9
0000fb6e   _auto_init
0000fe26   _c_int00
0000fe26   _c_int00_noexit
0000fffe   _reset_vector
0000024c   _stack
0000feac   _system_pre_init
0000feb0   abort
00000248   addr
0000024a   addrArray
00000242   amount
ffffffff   binit
00000240   differences
0000fd06   f
0000fd92   flash_erase
0000fdfa   flash_write
00000246   hold
00000247   holdArrayamount
0000023c   i
00000244   ledcount
0000f800   main
0000fe7e   memcpy
0000fcbc   one
0000fdc8   readSwitchP1
00000200   receive
0000fe40   resetBuffer
0000faa8   send_rf
0000023e   timeout
0000fd4c   zero


GLOBAL SYMBOLS: SORTED BY Symbol Address 

address    name
--------   ----
00000000   IE1
00000001   __TI_args_main
00000001   __TI_exit
00000002   IFG1
00000020   P1IN
00000021   P1OUT
00000022   P1DIR
00000023   P1IFG
00000024   P1IES
00000025   P1IE
00000026   P1SEL
00000027   P1REN
00000028   P2IN
00000029   P2OUT
0000002a   P2DIR
0000002b   P2IFG
0000002c   P2IES
0000002d   P2IE
0000002e   P2SEL
0000002f   P2REN
00000032   __STACK_SIZE
00000048   ADC10DTC0
00000049   ADC10DTC1
0000004a   ADC10AE0
00000053   BCSCTL3
00000056   DCOCTL
00000057   BCSCTL1
00000058   BCSCTL2
00000078   USICTL
00000078   USICTL0
00000079   USICTL1
0000007a   USICCTL
0000007a   USICKCTL
0000007b   USICNT
0000007c   USISR
0000007c   USISRL
0000007d   USISRH
00000120   WDTCTL
00000128   FCTL1
0000012a   FCTL2
0000012c   FCTL3
0000012e   TAIV
00000160   TACTL
00000162   TACCTL0
00000164   TACCTL1
00000170   TAR
00000172   TACCR0
00000174   TACCR1
000001b0   ADC10CTL0
000001b2   ADC10CTL1
000001b4   ADC10MEM
000001bc   ADC10SA
00000200   receive
0000023c   i
0000023e   timeout
00000240   differences
00000242   amount
00000244   ledcount
00000246   hold
00000247   holdArrayamount
00000248   addr
0000024a   addrArray
0000024c   _stack
0000027e   __STACK_END
000010fe   CALDCO_1MHZ
000010ff   CALBC1_1MHZ
0000f800   main
0000f97c   BlinkLED
0000fa1e   ArrayCompareFlash
0000faa8   send_rf
0000fb6e   _auto_init
0000fbcc   Port_1
0000fc24   ArrayCopy
0000fc70   __mspabi_srli
0000fc7e   __mspabi_srli_15
0000fc82   __mspabi_srli_14
0000fc86   __mspabi_srli_13
0000fc8a   __mspabi_srli_12
0000fc8e   __mspabi_srli_11
0000fc92   __mspabi_srli_10
0000fc96   __mspabi_srli_9
0000fc9a   __mspabi_srli_8
0000fc9e   __mspabi_srli_7
0000fca2   __mspabi_srli_6
0000fca6   __mspabi_srli_5
0000fcaa   __mspabi_srli_4
0000fcae   __mspabi_srli_3
0000fcb2   __mspabi_srli_2
0000fcb6   __mspabi_srli_1
0000fcbc   one
0000fd06   f
0000fd4c   zero
0000fd92   flash_erase
0000fdc8   readSwitchP1
0000fdfa   flash_write
0000fe26   _c_int00
0000fe26   _c_int00_noexit
0000fe40   resetBuffer
0000fe58   __TI_zero_init
0000fe6c   __TI_decompress_none
0000fe7e   memcpy
0000fe90   __mspabi_func_epilog_7
0000fe92   __mspabi_func_epilog_6
0000fe94   __mspabi_func_epilog_5
0000fe96   __mspabi_func_epilog_4
0000fe98   __mspabi_func_epilog_3
0000fe9a   __mspabi_func_epilog_2
0000fe9c   __mspabi_func_epilog_1
0000fea0   __TI_ISR_TRAP
0000fea6   __TI_decompress_rle24
0000feac   _system_pre_init
0000feb0   C$$EXIT
0000feb0   abort
0000feb4   TXdataD
0000fed4   __TI_Handler_Table_Base
0000feda   __TI_Handler_Table_Limit
0000fede   __TI_CINIT_Base
0000fee6   __TI_CINIT_Limit
0000ffe4   __TI_int02
0000ffe6   __TI_int03
0000ffe8   __TI_int04
0000ffea   __TI_int05
0000fff0   __TI_int08
0000fff2   __TI_int09
0000fff4   __TI_int10
0000fffc   __TI_int14
0000fffe   _reset_vector
ffffffff   __binit__
ffffffff   __c_args__
ffffffff   binit
UNDEFED    __TI_INITARRAY_Base
UNDEFED    __TI_INITARRAY_Limit

[132 symbols]
